// Vitest Snapshot v1, https://vitest.dev/guide/snapshot.html

exports[`presetUseful theme > theme extend configuration 1`] = `
{
  "counts": {},
  "durations": {
    "bounce-in": ".75s",
    "bounce-out": ".75s",
    "flip-out-x": ".75s",
    "flip-out-y": ".75s",
    "heart-beat": "1.3s",
    "hinge": "2s",
  },
  "keyframes": {
    "back-in-down": "{0%{opacity:0.7;transform:translateY(-1200px) scale(.7);}80%{opacity:0.7;transform:translateY(0) scale(.7);}to{opacity:1;transform:scale(1);}}",
    "back-in-left": "{0%{opacity:0.7;transform:translateX(-2000px) scale(.7);}80%{opacity:0.7;transform:translateX(0) scale(.7);}to{opacity:1;transform:scale(1);}}",
    "back-in-right": "{0%{opacity:0.7;transform:translateX(2000px) scale(.7);}80%{opacity:0.7;transform:translateX(0) scale(.7);}to{opacity:1;transform:scale(1);}}",
    "back-in-up": "{0%{opacity:0.7;transform:translateY(1200px) scale(.7);}80%{opacity:0.7;transform:translateY(0) scale(.7);}to{opacity:1;transform:scale(1);}}",
    "back-out-down": "{0%{opacity:1;transform:scale(1);}20%{opacity:0.7;transform:translateY(0) scale(.7);}to{opacity:0.7;transform:translateY(700px) scale(.7);}}",
    "back-out-left": "{0%{opacity:1;transform:scale(1);}20%{opacity:0.7;transform:translateX(0) scale(.7);}to{opacity:0.7;transform:translateX(-2000px) scale(.7);}}",
    "back-out-right": "{0%{opacity:1;transform:scale(1);}20%{opacity:0.7;transform:translateX(0) scale(.7);}to{opacity:0.7;transform:translateX(2000px) scale(.7);}}",
    "back-out-up": "{0%{opacity:1;transform:scale(1);}20%{opacity:0.7;transform:translateY(0) scale(.7);}to{opacity:0.7;transform:translateY(-700px) scale(.7);}}",
    "boing-in-up": "{0%{opacity:0;transform:perspective(800px) rotateX(-90deg);transform-origin:50% 0;}50%{opacity:1;transform:perspective(800px) rotateX(50deg);transform-origin:50% 0;}to{opacity:1;transform:perspective(800px) rotateX(0deg);transform-origin:50% 0;}}",
    "boing-out-down": "{0%{opacity:1;transform:perspective(800px) rotateX(0deg) rotateY(0deg);transform-origin:100% 100%;}20%{opacity:1;transform:perspective(800px) rotateX(0deg) rotateY(10deg);transform-origin:100% 100%;}30%{opacity:1;transform:perspective(800px) rotateX(0deg) rotateY(0deg);transform-origin:0 100%;}40%{opacity:1;transform:perspective(800px) rotateX(10deg) rotateY(10deg);transform-origin:0 100%;}to{opacity:0;transform:perspective(800px) rotateX(90deg) rotateY(0deg);transform-origin:100% 100%;}}",
    "bomb-left-out": "{0%{filter:blur(0);opacity:1;transform:rotate(0deg);transform-origin:50% 50%;}50%{filter:blur(0);opacity:1;transform:rotate(-160deg);transform-origin:-100% 50%;}to{filter:blur(20px);opacity:0;transform:rotate(-160deg);transform-origin:-100% 50%;}}",
    "bomb-right-out": "{0%{filter:blur(0);opacity:1;transform:rotate(0deg);transform-origin:50% 50%;}50%{filter:blur(0);opacity:1;transform:rotate(160deg);transform-origin:200% 50%;}to{filter:blur(20px);opacity:0;transform:rotate(160deg);transform-origin:200% 50%;}}",
    "bounce": "{0%,20%,53%,to{animation-timing-function:cubic-bezier(.215,.61,.355,1);transform:translateZ(0);}40%,43%{animation-timing-function:cubic-bezier(.755,.05,.855,.06);transform:translate3d(0,-30px,0) scaleY(1.1);}70%{animation-timing-function:cubic-bezier(.755,.05,.855,.06);transform:translate3d(0,-15px,0) scaleY(1.05);}80%{transform:translateZ(0) scaleY(.95);transition-timing-function:cubic-bezier(.215,.61,.355,1);}90%{transform:translate3d(0,-4px,0) scaleY(1.02);}}",
    "bounce-in": "{0%,20%,40%,60%,80%,to{animation-timing-function:cubic-bezier(.215,.61,.355,1);}0%{opacity:0;transform:scale3d(.3,.3,.3);}20%{transform:scale3d(1.1,1.1,1.1);}40%{transform:scale3d(.9,.9,.9);}60%{opacity:1;transform:scale3d(1.03,1.03,1.03);}80%{transform:scale3d(.97,.97,.97);}to{opacity:1;transform:scaleX(1);}}",
    "bounce-in-down": "{0%,60%,75%,90%,to{animation-timing-function:cubic-bezier(.215,.61,.355,1);}0%{opacity:0;transform:translate3d(0,-3000px,0) scaleY(3);}60%{opacity:1;transform:translate3d(0,25px,0) scaleY(.9);}75%{transform:translate3d(0,-10px,0) scaleY(.95);}90%{transform:translate3d(0,5px,0) scaleY(.985);}to{transform:translateZ(0);}}",
    "bounce-in-left": "{0%,60%,75%,90%,to{animation-timing-function:cubic-bezier(.215,.61,.355,1);}0%{opacity:0;transform:translate3d(-3000px,0,0) scaleX(3);}60%{opacity:1;transform:translate3d(25px,0,0) scaleX(1);}75%{transform:translate3d(-10px,0,0) scaleX(.98);}90%{transform:translate3d(5px,0,0) scaleX(.995);}to{transform:translateZ(0);}}",
    "bounce-in-right": "{0%,60%,75%,90%,to{animation-timing-function:cubic-bezier(.215,.61,.355,1);}0%{opacity:0;transform:translate3d(3000px,0,0) scaleX(3);}60%{opacity:1;transform:translate3d(-25px,0,0) scaleX(1);}75%{transform:translate3d(10px,0,0) scaleX(.98);}90%{transform:translate3d(-5px,0,0) scaleX(.995);}to{transform:translateZ(0);}}",
    "bounce-in-up": "{0%,60%,75%,90%,to{animation-timing-function:cubic-bezier(.215,.61,.355,1);}0%{opacity:0;transform:translate3d(0,3000px,0) scaleY(5);}60%{opacity:1;transform:translate3d(0,-20px,0) scaleY(.9);}75%{transform:translate3d(0,10px,0) scaleY(.95);}90%{transform:translate3d(0,-5px,0) scaleY(.985);}to{transform:translateZ(0);}}",
    "bounce-out": "{20%{transform:scale3d(.9,.9,.9);}50%,55%{opacity:1;transform:scale3d(1.1,1.1,1.1);}to{opacity:0;transform:scale3d(.3,.3,.3);}}",
    "bounce-out-down": "{20%{transform:translate3d(0,10px,0) scaleY(.985);}40%,45%{opacity:1;transform:translate3d(0,-20px,0) scaleY(.9);}to{opacity:0;transform:translate3d(0,2000px,0) scaleY(3);}}",
    "bounce-out-left": "{20%{opacity:1;transform:translate3d(20px,0,0) scaleX(.9);}to{opacity:0;transform:translate3d(-2000px,0,0) scaleX(2);}}",
    "bounce-out-right": "{20%{opacity:1;transform:translate3d(-20px,0,0) scaleX(.9);}to{opacity:0;transform:translate3d(2000px,0,0) scaleX(2);}}",
    "bounce-out-up": "{20%{transform:translate3d(0,-10px,0) scaleY(.985);}40%,45%{opacity:1;transform:translate3d(0,20px,0) scaleY(.9);}to{opacity:0;transform:translate3d(0,-2000px,0) scaleY(3);}}",
    "fade-in": "{0%{opacity:0;}to{opacity:1;}}",
    "fade-in-bottom-left": "{0%{opacity:0;transform:translate3d(-100%,100%,0);}to{opacity:1;transform:translateZ(0);}}",
    "fade-in-bottom-right": "{0%{opacity:0;transform:translate3d(100%,100%,0);}to{opacity:1;transform:translateZ(0);}}",
    "fade-in-down": "{0%{opacity:0;transform:translate3d(0,-100%,0);}to{opacity:1;transform:translateZ(0);}}",
    "fade-in-down-big": "{0%{opacity:0;transform:translate3d(0,-2000px,0);}to{opacity:1;transform:translateZ(0);}}",
    "fade-in-left": "{0%{opacity:0;transform:translate3d(-100%,0,0);}to{opacity:1;transform:translateZ(0);}}",
    "fade-in-left-big": "{0%{opacity:0;transform:translate3d(-2000px,0,0);}to{opacity:1;transform:translateZ(0);}}",
    "fade-in-right": "{0%{opacity:0;transform:translate3d(100%,0,0);}to{opacity:1;transform:translateZ(0);}}",
    "fade-in-right-big": "{0%{opacity:0;transform:translate3d(2000px,0,0);}to{opacity:1;transform:translateZ(0);}}",
    "fade-in-top-left": "{0%{opacity:0;transform:translate3d(-100%,-100%,0);}to{opacity:1;transform:translateZ(0);}}",
    "fade-in-top-right": "{0%{opacity:0;transform:translate3d(100%,-100%,0);}to{opacity:1;transform:translateZ(0);}}",
    "fade-in-up": "{0%{opacity:0;transform:translate3d(0,100%,0);}to{opacity:1;transform:translateZ(0);}}",
    "fade-in-up-big": "{0%{opacity:0;transform:translate3d(0,2000px,0);}to{opacity:1;transform:translateZ(0);}}",
    "fade-out": "{0%{opacity:1;}to{opacity:0;}}",
    "fade-out-bottom-left": "{0%{opacity:1;transform:translateZ(0);}to{opacity:0;transform:translate3d(-100%,100%,0);}}",
    "fade-out-bottom-right": "{0%{opacity:1;transform:translateZ(0);}to{opacity:0;transform:translate3d(100%,100%,0);}}",
    "fade-out-down": "{0%{opacity:1;}to{opacity:0;transform:translate3d(0,100%,0);}}",
    "fade-out-down-big": "{0%{opacity:1;}to{opacity:0;transform:translate3d(0,2000px,0);}}",
    "fade-out-left": "{0%{opacity:1;}to{opacity:0;transform:translate3d(-100%,0,0);}}",
    "fade-out-left-big": "{0%{opacity:1;}to{opacity:0;transform:translate3d(-2000px,0,0);}}",
    "fade-out-right": "{0%{opacity:1;}to{opacity:0;transform:translate3d(100%,0,0);}}",
    "fade-out-right-big": "{0%{opacity:1;}to{opacity:0;transform:translate3d(2000px,0,0);}}",
    "fade-out-top-left": "{0%{opacity:1;transform:translateZ(0);}to{opacity:0;transform:translate3d(-100%,-100%,0);}}",
    "fade-out-top-right": "{0%{opacity:1;transform:translateZ(0);}to{opacity:0;transform:translate3d(100%,-100%,0);}}",
    "fade-out-up": "{0%{opacity:1;}to{opacity:0;transform:translate3d(0,-100%,0);}}",
    "fade-out-up-big": "{0%{opacity:1;}to{opacity:0;transform:translate3d(0,-2000px,0);}}",
    "flash": "{0%,50%,to{opacity:1;}25%,75%{opacity:0;}}",
    "flip": "{0%{animation-timing-function:ease-out;transform:perspective(400px) scaleX(1) translateZ(0) rotateY(-1turn);}40%{animation-timing-function:ease-out;transform:perspective(400px) scaleX(1) translateZ(150px) rotateY(-190deg);}50%{animation-timing-function:ease-in;transform:perspective(400px) scaleX(1) translateZ(150px) rotateY(-170deg);}80%{animation-timing-function:ease-in;transform:perspective(400px) scale3d(.95,.95,.95) translateZ(0) rotateY(0deg);}to{animation-timing-function:ease-in;transform:perspective(400px) scaleX(1) translateZ(0) rotateY(0deg);}}",
    "flip-in-x": "{0%{animation-timing-function:ease-in;opacity:0;transform:perspective(400px) rotateX(90deg);}40%{animation-timing-function:ease-in;transform:perspective(400px) rotateX(-20deg);}60%{opacity:1;transform:perspective(400px) rotateX(10deg);}80%{transform:perspective(400px) rotateX(-5deg);}to{transform:perspective(400px);}}",
    "flip-in-y": "{0%{animation-timing-function:ease-in;opacity:0;transform:perspective(400px) rotateY(90deg);}40%{animation-timing-function:ease-in;transform:perspective(400px) rotateY(-20deg);}60%{opacity:1;transform:perspective(400px) rotateY(10deg);}80%{transform:perspective(400px) rotateY(-5deg);}to{transform:perspective(400px);}}",
    "flip-out-x": "{0%{transform:perspective(400px);}30%{opacity:1;transform:perspective(400px) rotateX(-20deg);}to{opacity:0;transform:perspective(400px) rotateX(90deg);}}",
    "flip-out-y": "{0%{transform:perspective(400px);}30%{opacity:1;transform:perspective(400px) rotateY(-15deg);}to{opacity:0;transform:perspective(400px) rotateY(90deg);}}",
    "foolish-in": "{0%{opacity:0;transform:scale(0) rotate(1turn);transform-origin:50% 50%;}20%{opacity:1;transform:scale(.5) rotate(0deg);transform-origin:0 100%;}40%{opacity:1;transform:scale(.5) rotate(0deg);transform-origin:100% 100%;}60%{opacity:1;transform:scale(.5) rotate(0deg);transform-origin:0;}80%{opacity:1;transform:scale(.5) rotate(0deg);transform-origin:0 0;}to{opacity:1;transform:scale(1) rotate(0deg);transform-origin:50% 50%;}}",
    "foolish-out": "{0%{opacity:1;transform:scale(1) rotate(1turn);transform-origin:50% 50%;}20%{opacity:1;transform:scale(.5) rotate(0deg);transform-origin:0 0;}40%{opacity:1;transform:scale(.5) rotate(0deg);transform-origin:100% 0;}60%{opacity:1;transform:scale(.5) rotate(0deg);transform-origin:0;}80%{opacity:1;transform:scale(.5) rotate(0deg);transform-origin:0 100%;}to{opacity:0;transform:scale(0) rotate(0deg);transform-origin:50% 50%;}}",
    "head-shake": "{0%{transform:translateX(0);}6.5%{transform:translateX(-6px) rotateY(-9deg);}18.5%{transform:translateX(5px) rotateY(7deg);}31.5%{transform:translateX(-3px) rotateY(-5deg);}43.5%{transform:translateX(2px) rotateY(3deg);}50%{transform:translateX(0);}}",
    "heart-beat": "{0%{transform:scale(1);}14%{transform:scale(1.3);}28%{transform:scale(1);}42%{transform:scale(1.3);}70%{transform:scale(1);}}",
    "hinge": "{0%{animation-timing-function:ease-in-out;}20%,60%{animation-timing-function:ease-in-out;transform:rotate(80deg);}40%,80%{animation-timing-function:ease-in-out;opacity:1;transform:rotate(60deg);}to{opacity:0;transform:translate3d(0,700px,0);}}",
    "hole-out": "{0%{opacity:1;transform:scale(1) rotateY(0deg);transform-origin:50% 50%;}to{opacity:0;transform:scale(0) rotateY(180deg);transform-origin:50% 50%;}}",
    "jack-in-the-box": "{0%{opacity:0;transform:scale(.1) rotate(30deg);transform-origin:center bottom;}50%{transform:rotate(-10deg);}70%{transform:rotate(3deg);}to{opacity:1;transform:scale(1);}}",
    "jello": "{0%,11.1%,to{transform:translateZ(0);}22.2%{transform:skewX(-12.5deg) skewY(-12.5deg);}33.3%{transform:skewX(6.25deg) skewY(6.25deg);}44.4%{transform:skewX(-3.125deg) skewY(-3.125deg);}55.5%{transform:skewX(1.5625deg) skewY(1.5625deg);}66.6%{transform:skewX(-.78125deg) skewY(-.78125deg);}77.7%{transform:skewX(.390625deg) skewY(.390625deg);}88.8%{transform:skewX(-.1953125deg) skewY(-.1953125deg);}}",
    "light-speed-in-left": "{0%{opacity:0;transform:translate3d(-100%,0,0) skewX(30deg);}60%{opacity:1;transform:skewX(-20deg);}80%{transform:skewX(5deg);}to{transform:translateZ(0);}}",
    "light-speed-in-right": "{0%{opacity:0;transform:translate3d(100%,0,0) skewX(-30deg);}60%{opacity:1;transform:skewX(20deg);}80%{transform:skewX(-5deg);}to{transform:translateZ(0);}}",
    "light-speed-out-left": "{0%{opacity:1;}to{opacity:0;transform:translate3d(-100%,0,0) skewX(-30deg);}}",
    "light-speed-out-right": "{0%{opacity:1;}to{opacity:0;transform:translate3d(100%,0,0) skewX(30deg);}}",
    "magic": "{0%{opacity:1;transform:scale(1) rotate(0deg);transform-origin:100% 200%;}to{opacity:0;transform:scale(0) rotate(270deg);transform-origin:200% 500%;}}",
    "open-down-left": "{0%{animation-timing-function:ease-out;transform:rotate(0deg);transform-origin:bottom left;}to{animation-timing-function:ease-in-out;transform:rotate(-110deg);transform-origin:bottom left;}}",
    "open-down-left-out": "{0%{animation-timing-function:ease-out;opacity:1;transform:rotate(0deg);transform-origin:bottom left;}to{animation-timing-function:ease-in-out;opacity:0;transform:rotate(-110deg);transform-origin:bottom left;}}",
    "open-down-left-return": "{0%{animation-timing-function:ease-in-out;transform:rotate(-110deg);transform-origin:bottom left;}to{animation-timing-function:ease-out;transform:rotate(0deg);transform-origin:bottom left;}}",
    "open-down-right": "{0%{animation-timing-function:ease-out;transform:rotate(0deg);transform-origin:bottom right;}to{animation-timing-function:ease-in-out;transform:rotate(110deg);transform-origin:bottom right;}}",
    "open-down-right-out": "{0%{animation-timing-function:ease-out;opacity:1;transform:rotate(0deg);transform-origin:bottom right;}to{animation-timing-function:ease-in-out;opacity:0;transform:rotate(110deg);transform-origin:bottom right;}}",
    "open-down-right-return": "{0%{animation-timing-function:ease-in-out;transform:rotate(110deg);transform-origin:bottom right;}to{animation-timing-function:ease-out;transform:rotate(0deg);transform-origin:bottom right;}}",
    "open-up-left": "{0%{animation-timing-function:ease-out;transform:rotate(0deg);transform-origin:top left;}to{animation-timing-function:ease-in-out;transform:rotate(110deg);transform-origin:top left;}}",
    "open-up-left-out": "{0%{animation-timing-function:ease-out;opacity:1;transform:rotate(0deg);transform-origin:top left;}to{animation-timing-function:ease-in-out;opacity:0;transform:rotate(110deg);transform-origin:top left;}}",
    "open-up-left-return": "{0%{animation-timing-function:ease-in-out;transform:rotate(110deg);transform-origin:top left;}to{animation-timing-function:ease-out;transform:rotate(0deg);transform-origin:top left;}}",
    "open-up-right": "{0%{animation-timing-function:ease-out;transform:rotate(0deg);transform-origin:top right;}to{animation-timing-function:ease-in-out;transform:rotate(-110deg);transform-origin:top right;}}",
    "open-up-right-out": "{0%{animation-timing-function:ease-out;opacity:1;transform:rotate(0deg);transform-origin:top right;}to{animation-timing-function:ease-in-out;opacity:0;transform:rotate(-110deg);transform-origin:top right;}}",
    "open-up-right-return": "{0%{animation-timing-function:ease-in-out;transform:rotate(-110deg);transform-origin:top right;}to{animation-timing-function:ease-out;transform:rotate(0deg);transform-origin:top right;}}",
    "perspective-down": "{0%{transform:perspective(800px) rotateX(0deg);transform-origin:0 100%;}to{transform:perspective(800px) rotateX(-180deg);transform-origin:0 100%;}}",
    "perspective-down-return": "{0%{transform:perspective(800px) rotateX(-180deg);transform-origin:0 100%;}to{transform:perspective(800px) rotateX(0deg);transform-origin:0 100%;}}",
    "perspective-left": "{0%{transform:perspective(800px) rotateY(0deg);transform-origin:0 0;}to{transform:perspective(800px) rotateY(-180deg);transform-origin:0 0;}}",
    "perspective-left-return": "{0%{transform:perspective(800px) rotateY(-180deg);transform-origin:0 0;}to{transform:perspective(800px) rotateY(0deg);transform-origin:0 0;}}",
    "perspective-right": "{0%{transform:perspective(800px) rotateY(0deg);transform-origin:100% 0;}to{transform:perspective(800px) rotateY(180deg);transform-origin:100% 0;}}",
    "perspective-right-return": "{0%{transform:perspective(800px) rotateY(180deg);transform-origin:100% 0;}to{transform:perspective(800px) rotateY(0deg);transform-origin:100% 0;}}",
    "perspective-up": "{0%{transform:perspective(800px) rotateX(0deg);transform-origin:0 0;}to{transform:perspective(800px) rotateX(180deg);transform-origin:0 0;}}",
    "perspective-up-return": "{0%{transform:perspective(800px) rotateX(180deg);transform-origin:0 0;}to{transform:perspective(800px) rotateX(0deg);transform-origin:0 0;}}",
    "puff-in": "{0%{filter:blur(2px);opacity:0;transform:scale(2);transform-origin:50% 50%;}to{filter:blur(0);opacity:1;transform:scale(1);transform-origin:50% 50%;}}",
    "puff-out": "{0%{filter:blur(0);opacity:1;transform:scale(1);transform-origin:50% 50%;}to{filter:blur(2px);opacity:0;transform:scale(2);transform-origin:50% 50%;}}",
    "pulse": "{0%{transform:scaleX(1);}50%{transform:scale3d(1.05,1.05,1.05);}to{transform:scaleX(1);}}",
    "roll-in": "{0%{opacity:0;transform:translate3d(-100%,0,0) rotate(-120deg);}to{opacity:1;transform:translateZ(0);}}",
    "roll-out": "{0%{opacity:1;}to{opacity:0;transform:translate3d(100%,0,0) rotate(120deg);}}",
    "rotate-down": "{0%{opacity:1;transform:perspective(800px) rotateX(0deg) translateZ(0);transform-origin:0 0;}to{opacity:0;transform:perspective(800px) rotateX(-180deg) translateZ(300px);transform-origin:50% 100%;}}",
    "rotate-in": "{0%{opacity:0;transform:rotate(-200deg);}to{opacity:1;transform:translateZ(0);}}",
    "rotate-in-down-left": "{0%{opacity:0;transform:rotate(-45deg);}to{opacity:1;transform:translateZ(0);}}",
    "rotate-in-down-right": "{0%{opacity:0;transform:rotate(45deg);}to{opacity:1;transform:translateZ(0);}}",
    "rotate-in-up-left": "{0%{opacity:0;transform:rotate(45deg);}to{opacity:1;transform:translateZ(0);}}",
    "rotate-in-up-right": "{0%{opacity:0;transform:rotate(-90deg);}to{opacity:1;transform:translateZ(0);}}",
    "rotate-left": "{0%{opacity:1;transform:perspective(800px) rotateY(0deg) translateZ(0);transform-origin:0 0;}to{opacity:0;transform:perspective(800px) rotateY(-180deg) translateZ(300px);transform-origin:50% 0;}}",
    "rotate-out": "{0%{opacity:1;}to{opacity:0;transform:rotate(200deg);}}",
    "rotate-out-down-left": "{0%{opacity:1;}to{opacity:0;transform:rotate(45deg);}}",
    "rotate-out-down-right": "{0%{opacity:1;}to{opacity:0;transform:rotate(-45deg);}}",
    "rotate-out-up-left": "{0%{opacity:1;}to{opacity:0;transform:rotate(-45deg);}}",
    "rotate-out-up-right": "{0%{opacity:1;}to{opacity:0;transform:rotate(90deg);}}",
    "rotate-right": "{0%{opacity:1;transform:perspective(800px) rotateY(0deg) translate3d(0);transform-origin:0 0;}to{opacity:0;transform:perspective(800px) rotateY(180deg) translateZ(150px);transform-origin:50% 0;}}",
    "rotate-up": "{0%{opacity:1;transform:perspective(800px) rotateX(0deg) translateZ(0);transform-origin:0 0;}to{opacity:0;transform:perspective(800px) rotateX(180deg) translateZ(100px);transform-origin:50% 0;}}",
    "rubber-band": "{0%{transform:scaleX(1);}30%{transform:scale3d(1.25,.75,1);}40%{transform:scale3d(.75,1.25,1);}50%{transform:scale3d(1.15,.85,1);}65%{transform:scale3d(.95,1.05,1);}75%{transform:scale3d(1.05,.95,1);}to{transform:scaleX(1);}}",
    "shake": "{0%,to{transform:translateZ(0);}10%,30%,50%,70%,90%{transform:translate3d(-10px,0,0);}20%,40%,60%,80%{transform:translate3d(10px,0,0);}}",
    "shake-x": "{0%,to{transform:translateZ(0);}10%,30%,50%,70%,90%{transform:translate3d(-10px,0,0);}20%,40%,60%,80%{transform:translate3d(10px,0,0);}}",
    "shake-y": "{0%,to{transform:translateZ(0);}10%,30%,50%,70%,90%{transform:translate3d(0,-10px,0);}20%,40%,60%,80%{transform:translate3d(0,10px,0);}}",
    "slide-down": "{0%{transform:translateY(0);transform-origin:0 0;}to{transform:translateY(100%);transform-origin:0 0;}}",
    "slide-down-return": "{0%{transform:translateY(100%);transform-origin:0 0;}to{transform:translateY(0);transform-origin:0 0;}}",
    "slide-in-down": "{0%{transform:translate3d(0,-100%,0);visibility:visible;}to{transform:translateZ(0);}}",
    "slide-in-left": "{0%{transform:translate3d(-100%,0,0);visibility:visible;}to{transform:translateZ(0);}}",
    "slide-in-right": "{0%{transform:translate3d(100%,0,0);visibility:visible;}to{transform:translateZ(0);}}",
    "slide-in-up": "{0%{transform:translate3d(0,100%,0);visibility:visible;}to{transform:translateZ(0);}}",
    "slide-left": "{0%{transform:translateX(0);transform-origin:0 0;}to{transform:translateX(-100%);transform-origin:0 0;}}",
    "slide-left-return": "{0%{transform:translateX(-100%);transform-origin:0 0;}to{transform:translateX(0);transform-origin:0 0;}}",
    "slide-out-down": "{0%{transform:translateZ(0);}to{transform:translate3d(0,100%,0);visibility:hidden;}}",
    "slide-out-left": "{0%{transform:translateZ(0);}to{transform:translate3d(-100%,0,0);visibility:hidden;}}",
    "slide-out-right": "{0%{transform:translateZ(0);}to{transform:translate3d(100%,0,0);visibility:hidden;}}",
    "slide-out-up": "{0%{transform:translateZ(0);}to{transform:translate3d(0,-100%,0);visibility:hidden;}}",
    "slide-right": "{0%{transform:translateX(0);transform-origin:0 0;}to{transform:translateX(100%);transform-origin:0 0;}}",
    "slide-right-return": "{0%{transform:translateX(100%);transform-origin:0 0;}to{transform:translateX(0);transform-origin:0 0;}}",
    "slide-up": "{0%{transform:translateY(0);transform-origin:0 0;}to{transform:translateY(-100%);transform-origin:0 0;}}",
    "slide-up-return": "{0%{transform:translateY(-100%);transform-origin:0 0;}to{transform:translateY(0);transform-origin:0 0;}}",
    "space-in-down": "{0%{opacity:0;transform:scale(.2) translateY(200%);transform-origin:50% 100%;}to{opacity:1;transform:scale(1) translate(0);transform-origin:50% 100%;}}",
    "space-in-left": "{0%{opacity:0;transform:scale(.2) translate(-200%);transform-origin:0 50%;}to{opacity:1;transform:scale(1) translate(0);transform-origin:0 50%;}}",
    "space-in-right": "{0%{opacity:0;transform:scale(.2) translate(200%);transform-origin:100% 50%;}to{opacity:1;transform:scale(1) translate(0);transform-origin:100% 50%;}}",
    "space-in-up": "{0%{opacity:0;transform:scale(.2) translateY(-200%);transform-origin:50% 0;}to{opacity:1;transform:scale(1) translate(0);transform-origin:50% 0;}}",
    "space-out-down": "{0%{opacity:1;transform:scale(1) translate(0);transform-origin:50% 100%;}to{opacity:0;transform:scale(.2) translateY(200%);transform-origin:50% 100%;}}",
    "space-out-left": "{0%{opacity:1;transform:scale(1) translate(0);transform-origin:0 50%;}to{opacity:0;transform:scale(.2) translate(-200%);transform-origin:0 50%;}}",
    "space-out-right": "{0%{opacity:1;transform:scale(1) translate(0);transform-origin:100% 50%;}to{opacity:0;transform:scale(.2) translate(200%);transform-origin:100% 50%;}}",
    "space-out-up": "{0%{opacity:1;transform:scale(1) translate(0);transform-origin:50% 0;}to{opacity:0;transform:scale(.2) translateY(-200%);transform-origin:50% 0;}}",
    "swap": "{0%{opacity:0;transform:scale(0) translate(-700px);transform-origin:0 100%;}to{opacity:1;transform:scale(1) translate(0);transform-origin:100% 100%;}}",
    "swash-in": "{0%{opacity:0;transform:scale(0);transform-origin:50% 50%;}90%{opacity:1;transform:scale(.9);transform-origin:50% 50%;}to{opacity:1;transform:scale(1);transform-origin:50% 50%;}}",
    "swash-out": "{0%{opacity:1;transform:scale(1);transform-origin:50% 50%;}80%{opacity:1;transform:scale(.9);transform-origin:50% 50%;}to{opacity:0;transform:scale(0);transform-origin:50% 50%;}}",
    "swing": "{20%{transform:rotate(15deg);}40%{transform:rotate(-10deg);}60%{transform:rotate(5deg);}80%{transform:rotate(-5deg);}to{transform:rotate(0deg);}}",
    "tada": "{0%{transform:scaleX(1);}10%,20%{transform:scale3d(.9,.9,.9) rotate(-3deg);}30%,50%,70%,90%{transform:scale3d(1.1,1.1,1.1) rotate(3deg);}40%,60%,80%{transform:scale3d(1.1,1.1,1.1) rotate(-3deg);}to{transform:scaleX(1);}}",
    "tin-down-in": "{0%{opacity:0;transform:scale(1) translateY(900%);}50%,70%,90%{opacity:1;transform:scale(1.1) translateY(0);}60%,80%,to{opacity:1;transform:scale(1) translateY(0);}}",
    "tin-down-out": "{0%,20%,40%,50%{opacity:1;transform:scale(1) translateY(0);}10%,30%{opacity:1;transform:scale(1.1) translateY(0);}to{opacity:0;transform:scale(1) translateY(900%);}}",
    "tin-left-in": "{0%{opacity:0;transform:scale(1) translateX(-900%);}50%,70%,90%{opacity:1;transform:scale(1.1) translateX(0);}60%,80%,to{opacity:1;transform:scale(1) translateX(0);}}",
    "tin-left-out": "{0%,20%,40%,50%{opacity:1;transform:scale(1) translateX(0);}10%,30%{opacity:1;transform:scale(1.1) translateX(0);}to{opacity:0;transform:scale(1) translateX(-900%);}}",
    "tin-right-in": "{0%{opacity:0;transform:scale(1) translateX(900%);}50%,70%,90%{opacity:1;transform:scale(1.1) translateX(0);}60%,80%,to{opacity:1;transform:scale(1) translateX(0);}}",
    "tin-right-out": "{0%,20%,40%,50%{opacity:1;transform:scale(1) translateX(0);}10%,30%{opacity:1;transform:scale(1.1) translateX(0);}to{opacity:0;transform:scale(1) translateX(900%);}}",
    "tin-up-in": "{0%{opacity:0;transform:scale(1) translateY(-900%);}50%,70%,90%{opacity:1;transform:scale(1.1) translateY(0);}60%,80%,to{opacity:1;transform:scale(1) translateY(0);}}",
    "tin-up-out": "{0%,20%,40%,50%{opacity:1;transform:scale(1) translateY(0);}10%,30%{opacity:1;transform:scale(1.1) translateY(0);}to{opacity:0;transform:scale(1) translateY(-900%);}}",
    "twister-in-down": "{0%{opacity:0;transform:scale(0) rotate(1turn) translateY(-100%);transform-origin:0 100%;}30%{transform:scale(0) rotate(1turn) translateY(-100%);transform-origin:0 100%;}to{opacity:1;transform:scale(1) rotate(0deg) translateY(0);transform-origin:100% 100%;}}",
    "twister-in-up": "{0%{opacity:0;transform:scale(0) rotate(1turn) translateY(100%);transform-origin:100% 0;}30%{transform:scale(0) rotate(1turn) translateY(100%);transform-origin:100% 0;}to{opacity:1;transform:scale(1) rotate(0deg) translateY(0);transform-origin:0 0;}}",
    "vanish-in": "{0%{filter:blur(90px);opacity:0;transform:scale(2);transform-origin:50% 50%;}to{filter:blur(0);opacity:1;transform:scale(1);transform-origin:50% 50%;}}",
    "vanish-out": "{0%{filter:blur(0);opacity:1;transform:scale(1);transform-origin:50% 50%;}to{filter:blur(20px);opacity:0;transform:scale(2);transform-origin:50% 50%;}}",
    "wobble": "{0%{transform:translateZ(0);}15%{transform:translate3d(-25%,0,0) rotate(-5deg);}30%{transform:translate3d(20%,0,0) rotate(3deg);}45%{transform:translate3d(-15%,0,0) rotate(-3deg);}60%{transform:translate3d(10%,0,0) rotate(2deg);}75%{transform:translate3d(-5%,0,0) rotate(-1deg);}to{transform:translateZ(0);}}",
    "zoom-in": "{0%{opacity:0;transform:scale3d(.3,.3,.3);}50%{opacity:1;}}",
    "zoom-in-down": "{0%{animation-timing-function:cubic-bezier(.55,.055,.675,.19);opacity:0;transform:scale3d(.1,.1,.1) translate3d(0,-1000px,0);}60%{animation-timing-function:cubic-bezier(.175,.885,.32,1);opacity:1;transform:scale3d(.475,.475,.475) translate3d(0,60px,0);}}",
    "zoom-in-left": "{0%{animation-timing-function:cubic-bezier(.55,.055,.675,.19);opacity:0;transform:scale3d(.1,.1,.1) translate3d(-1000px,0,0);}60%{animation-timing-function:cubic-bezier(.175,.885,.32,1);opacity:1;transform:scale3d(.475,.475,.475) translate3d(10px,0,0);}}",
    "zoom-in-right": "{0%{animation-timing-function:cubic-bezier(.55,.055,.675,.19);opacity:0;transform:scale3d(.1,.1,.1) translate3d(1000px,0,0);}60%{animation-timing-function:cubic-bezier(.175,.885,.32,1);opacity:1;transform:scale3d(.475,.475,.475) translate3d(-10px,0,0);}}",
    "zoom-in-up": "{0%{animation-timing-function:cubic-bezier(.55,.055,.675,.19);opacity:0;transform:scale3d(.1,.1,.1) translate3d(0,1000px,0);}60%{animation-timing-function:cubic-bezier(.175,.885,.32,1);opacity:1;transform:scale3d(.475,.475,.475) translate3d(0,-60px,0);}}",
    "zoom-out": "{0%{opacity:1;}50%{opacity:0;transform:scale3d(.3,.3,.3);}to{opacity:0;}}",
    "zoom-out-down": "{40%{animation-timing-function:cubic-bezier(.55,.055,.675,.19);opacity:1;transform:scale3d(.475,.475,.475) translate3d(0,-60px,0);}to{animation-timing-function:cubic-bezier(.175,.885,.32,1);opacity:0;transform:scale3d(.1,.1,.1) translate3d(0,2000px,0);}}",
    "zoom-out-left": "{40%{opacity:1;transform:scale3d(.475,.475,.475) translate3d(42px,0,0);}to{opacity:0;transform:scale(.1) translate3d(-2000px,0,0);}}",
    "zoom-out-right": "{40%{opacity:1;transform:scale3d(.475,.475,.475) translate3d(-42px,0,0);}to{opacity:0;transform:scale(.1) translate3d(2000px,0,0);}}",
    "zoom-out-up": "{40%{animation-timing-function:cubic-bezier(.55,.055,.675,.19);opacity:1;transform:scale3d(.475,.475,.475) translate3d(0,60px,0);}to{animation-timing-function:cubic-bezier(.175,.885,.32,1);opacity:0;transform:scale3d(.1,.1,.1) translate3d(0,-2000px,0);}}",
  },
  "properties": {
    "bounce": {
      "transform-origin": "center bottom",
    },
    "flip": {
      "backface-visibility": "visible",
    },
    "flip-in-x": {
      "backface-visibility": "visible !important",
    },
    "flip-in-y": {
      "backface-visibility": "visible !important",
    },
    "flip-out-x": {
      "backface-visibility": "visible !important",
    },
    "flip-out-y": {
      "backface-visibility": "visible !important",
    },
    "hinge": {
      "transform-origin": "top left",
    },
    "jello": {
      "transform-origin": "center",
    },
    "rotate-in": {
      "transform-origin": "center",
    },
    "rotate-in-down-left": {
      "transform-origin": "left bottom",
    },
    "rotate-in-down-right": {
      "transform-origin": "right bottom",
    },
    "rotate-in-up-left": {
      "transform-origin": "left bottom",
    },
    "rotate-in-up-right": {
      "transform-origin": "right bottom",
    },
    "rotate-out": {
      "transform-origin": "center",
    },
    "rotate-out-down-left": {
      "transform-origin": "left bottom",
    },
    "rotate-out-down-right": {
      "transform-origin": "right bottom",
    },
    "rotate-out-up-left": {
      "transform-origin": "left bottom",
    },
    "rotate-out-up-right": {
      "transform-origin": "right bottom",
    },
    "swing": {
      "transform-origin": "top center",
    },
    "zoom-out-down": {
      "transform-origin": "center bottom",
    },
    "zoom-out-left": {
      "transform-origin": "left center",
    },
    "zoom-out-right": {
      "transform-origin": "right center",
    },
    "zoom-out-up": {
      "transform-origin": "center bottom",
    },
  },
  "timingFns": {
    "head-shake": "ease-in-out",
    "heart-beat": "ease-in-out",
    "light-speed-in-left": "ease-out",
    "light-speed-in-right": "ease-out",
    "light-speed-out-left": "ease-in",
    "light-speed-out-right": "ease-in",
    "pulse": "ease-in-out",
  },
}
`;
